// Jest Snapshot v1, https://goo.gl/fbAQLP

exports[`Atom CustomIcon Component Snapshot 1`] = `
<View
  accessible={true}
  collapsable={false}
  focusable={true}
  hitSlop={5}
  onBlur={[Function]}
  onClick={[Function]}
  onFocus={[Function]}
  onResponderGrant={[Function]}
  onResponderMove={[Function]}
  onResponderRelease={[Function]}
  onResponderTerminate={[Function]}
  onResponderTerminationRequest={[Function]}
  onStartShouldSetResponder={[Function]}
  style={
    Array [
      Object {
        "alignItems": "center",
        "borderRadius": 50,
        "borderWidth": 3,
        "height": 45,
        "justifyContent": "center",
        "margin": 10,
        "opacity": 0.5,
        "padding": 10,
        "width": 45,
      },
      Object {
        "borderColor": "#3872c3",
      },
    ]
  }
>
  <Text
    allowFontScaling={false}
    selectable={false}
    style={
      Array [
        Object {
          "color": "#3872c3",
          "fontSize": 12,
        },
        Object {
          "fontSize": 18,
        },
        Object {
          "fontFamily": "FontAwesome",
          "fontStyle": "normal",
          "fontWeight": "normal",
        },
        Object {},
      ]
    }
  >
    ï‚š
  </Text>
</View>
`;
