// Jest Snapshot v1, https://goo.gl/fbAQLP

exports[`Atom Link Component Snapshot 1`] = `
<Text
  onPress={[MockFunction]}
  style={
    Object {
      "color": "black",
      "textDecorationLine": "underline",
    }
  }
  testID="atom-link"
>
  Link text
</Text>
`;
