// Jest Snapshot v1, https://goo.gl/fbAQLP

exports[`Atom Label Component Snapshot 1`] = `
<Text
  style={
    Object {
      "color": "black",
      "marginBottom": 2,
    }
  }
  testID="atom-label"
>
  Label text
</Text>
`;
