// Jest Snapshot v1, https://goo.gl/fbAQLP

exports[`Atom Button Component Snapshot 1`] = `
<View
  accessibilityLabel="Button title"
  accessibilityRole="button"
  accessible={true}
  collapsable={false}
  focusable={true}
  onClick={[Function]}
  onResponderGrant={[Function]}
  onResponderMove={[Function]}
  onResponderRelease={[Function]}
  onResponderTerminate={[Function]}
  onResponderTerminationRequest={[Function]}
  onStartShouldSetResponder={[Function]}
  style={
    Object {
      "opacity": 1,
    }
  }
  testID="atom-button"
>
  <View
    style={
      Array [
        Object {},
      ]
    }
  >
    <Text
      style={
        Array [
          Object {
            "color": "#007AFF",
            "fontSize": 18,
            "margin": 8,
            "textAlign": "center",
          },
          Object {
            "color": "#fc296f",
          },
        ]
      }
    >
      Button title
    </Text>
  </View>
</View>
`;
