// Jest Snapshot v1, https://goo.gl/fbAQLP

exports[`Template RegisterTemplate Component Snapshot 1`] = `
<View
  style={
    Object {
      "padding": 40,
    }
  }
>
  <Text
    style={
      Object {
        "color": "black",
        "fontSize": 20,
        "fontWeight": "700",
      }
    }
    testID="template-registerTemplate-screenTitile"
  >
    SIGN UP
  </Text>
  <View
    style={
      Object {
        "alignItems": "center",
      }
    }
  >
    <View
      style={
        Object {
          "marginVertical": 5,
          "width": "100%",
        }
      }
    >
      <View
        style={
          Object {
            "marginTop": 20,
          }
        }
      >
        <View>
          <Text
            style={
              Object {
                "color": "black",
                "marginBottom": 2,
              }
            }
            testID="template-registerTemplate-email-input-label"
          >
            Email
          </Text>
          <TextInput
            onChangeText={[Function]}
            placeholder="email"
            secureTextEntry={false}
            style={
              Object {
                "borderColor": "#908D8E",
                "borderRadius": 5,
                "borderWidth": 1,
                "padding": 10,
                "width": "100%",
              }
            }
            testID="template-registerTemplate-email-input-input"
            value=""
          />
        </View>
      </View>
      <View
        style={
          Object {
            "marginTop": 20,
          }
        }
      >
        <View>
          <Text
            style={
              Object {
                "color": "black",
                "marginBottom": 2,
              }
            }
            testID="template-registerTemplate-password-input-label"
          >
            Password
          </Text>
          <TextInput
            onChangeText={[Function]}
            placeholder="password"
            secureTextEntry={true}
            style={
              Object {
                "borderColor": "#908D8E",
                "borderRadius": 5,
                "borderWidth": 1,
                "padding": 10,
                "width": "100%",
              }
            }
            testID="template-registerTemplate-password-input-input"
            value=""
          />
        </View>
      </View>
    </View>
    <View
      style={
        Object {
          "marginVertical": 15,
          "width": "100%",
        }
      }
    >
      <View
        accessibilityLabel="SIGN UP"
        accessibilityRole="button"
        accessible={true}
        collapsable={false}
        focusable={true}
        onClick={[Function]}
        onResponderGrant={[Function]}
        onResponderMove={[Function]}
        onResponderRelease={[Function]}
        onResponderTerminate={[Function]}
        onResponderTerminationRequest={[Function]}
        onStartShouldSetResponder={[Function]}
        style={
          Object {
            "opacity": 1,
          }
        }
        testID="template-registerTemplate-submit-button"
      >
        <View
          style={
            Array [
              Object {},
            ]
          }
        >
          <Text
            style={
              Array [
                Object {
                  "color": "#007AFF",
                  "fontSize": 18,
                  "margin": 8,
                  "textAlign": "center",
                },
                Object {
                  "color": "#fc296f",
                },
              ]
            }
          >
            SIGN UP
          </Text>
        </View>
      </View>
    </View>
  </View>
  <View
    style={
      Object {
        "marginVertical": 30,
      }
    }
  >
    <View
      style={
        Object {
          "alignItems": "center",
          "borderColor": "#908D8E",
          "borderRadius": 5,
          "borderWidth": 1,
          "height": 1,
          "justifyContent": "center",
          "position": "relative",
          "width": "100%",
        }
      }
    >
      <View
        style={
          Object {
            "backgroundColor": "#F5F0F2",
            "borderColor": "#908D8E",
            "borderRadius": 5,
            "borderWidth": 1,
            "padding": 5,
            "position": "absolute",
          }
        }
        testID="template-registerTemplate-divider"
      >
        <Text>
          OR
        </Text>
      </View>
    </View>
  </View>
  <View
    style={
      Object {
        "flexDirection": "row",
        "justifyContent": "center",
        "marginVertical": 10,
      }
    }
  >
    <View
      accessible={true}
      collapsable={false}
      focusable={true}
      hitSlop={5}
      onBlur={[Function]}
      onClick={[Function]}
      onFocus={[Function]}
      onResponderGrant={[Function]}
      onResponderMove={[Function]}
      onResponderRelease={[Function]}
      onResponderTerminate={[Function]}
      onResponderTerminationRequest={[Function]}
      onStartShouldSetResponder={[Function]}
      style={
        Array [
          Object {
            "alignItems": "center",
            "borderRadius": 50,
            "borderWidth": 3,
            "height": 45,
            "justifyContent": "center",
            "margin": 10,
            "opacity": 0.5,
            "padding": 10,
            "width": 45,
          },
          Object {
            "borderColor": "#e63039",
          },
        ]
      }
      testID="template-registerTemplate-google-pressable"
    >
      <Text
        allowFontScaling={false}
        selectable={false}
        style={
          Array [
            Object {
              "color": "#e63039",
              "fontSize": 12,
            },
            Object {
              "fontSize": 20,
            },
            Object {
              "fontFamily": "FontAwesome",
              "fontStyle": "normal",
              "fontWeight": "normal",
            },
            Object {},
          ]
        }
        testID="template-registerTemplate-google-icon"
      >
        
      </Text>
    </View>
    <View
      accessible={true}
      collapsable={false}
      focusable={true}
      hitSlop={5}
      onBlur={[Function]}
      onClick={[Function]}
      onFocus={[Function]}
      onResponderGrant={[Function]}
      onResponderMove={[Function]}
      onResponderRelease={[Function]}
      onResponderTerminate={[Function]}
      onResponderTerminationRequest={[Function]}
      onStartShouldSetResponder={[Function]}
      style={
        Array [
          Object {
            "alignItems": "center",
            "borderRadius": 50,
            "borderWidth": 3,
            "height": 45,
            "justifyContent": "center",
            "margin": 10,
            "opacity": 0.5,
            "padding": 10,
            "width": 45,
          },
          Object {
            "borderColor": "#39539b",
          },
        ]
      }
      testID="template-registerTemplate-facebook-pressable"
    >
      <Text
        allowFontScaling={false}
        selectable={false}
        style={
          Array [
            Object {
              "color": "#39539b",
              "fontSize": 12,
            },
            Object {
              "fontSize": 20,
            },
            Object {
              "fontFamily": "FontAwesome",
              "fontStyle": "normal",
              "fontWeight": "normal",
            },
            Object {},
          ]
        }
        testID="template-registerTemplate-facebook-icon"
      >
        
      </Text>
    </View>
    <View
      accessible={true}
      collapsable={false}
      focusable={true}
      hitSlop={5}
      onBlur={[Function]}
      onClick={[Function]}
      onFocus={[Function]}
      onResponderGrant={[Function]}
      onResponderMove={[Function]}
      onResponderRelease={[Function]}
      onResponderTerminate={[Function]}
      onResponderTerminationRequest={[Function]}
      onStartShouldSetResponder={[Function]}
      style={
        Array [
          Object {
            "alignItems": "center",
            "borderRadius": 50,
            "borderWidth": 3,
            "height": 45,
            "justifyContent": "center",
            "margin": 10,
            "opacity": 0.5,
            "padding": 10,
            "width": 45,
          },
          Object {
            "borderColor": "#3872c3",
          },
        ]
      }
      testID="template-registerTemplate-linkedIn-pressable"
    >
      <Text
        allowFontScaling={false}
        selectable={false}
        style={
          Array [
            Object {
              "color": "#3872c3",
              "fontSize": 12,
            },
            Object {
              "fontSize": 20,
            },
            Object {
              "fontFamily": "FontAwesome",
              "fontStyle": "normal",
              "fontWeight": "normal",
            },
            Object {},
          ]
        }
        testID="template-registerTemplate-linkedIn-icon"
      >
        
      </Text>
    </View>
  </View>
  <View
    style={
      Object {
        "flexDirection": "row",
        "justifyContent": "center",
      }
    }
  >
    <Text
      style={
        Object {
          "color": "black",
          "marginBottom": 2,
        }
      }
      testID="template-registerTemplate-label"
    >
      Already a user? 
    </Text>
    <Text
      onPress={[MockFunction]}
      style={
        Object {
          "color": "black",
          "textDecorationLine": "underline",
        }
      }
      testID="template-registerTemplate-link"
    >
      LOGIN
    </Text>
  </View>
</View>
`;
